[www.trafficgods.app/en.html]
[backblue.gif]
[fade.gif]
[index.html]
[cdn.prod.website-files.com/6672eea20b83db54dbed8fbc/css/traffic-gods.webflow.f67456f01.css]
[cdn.prod.website-files.com/6672eea20b83db54dbed8fbc/667da323409b8f49c445f55f_Frame 1000003016.png]
[cdn.prod.website-files.com/6672eea20b83db54dbed8fbc/667da3347c6a08bf5e09b714_Frame 1000003017.png]
[www.trafficgods.app/_https_/cdn.prod.website-files.com/6672eea20b83db54dbed8fbc/6672fb17d4473e817abd201d_hero-video-poster-00001.jpg_]
[www.trafficgods.app/ru.html]
[d3e54v103j8qbb.cloudfront.net/js/jquery-3.5.1.min.dc5e7f18c8a905.js]
[www.trafficgods.app/index.html]
[cdn.prod.website-files.com/6672eea20b83db54dbed8fbc/js/webflow.c8a5da485.js]
[player.vimeo.com/api/player.8.delayed]
[cdn.jsdelivr.net/gh/studio-freight/lenis@0.2.28/bundled/lenis.js]
[cdnjs.cloudflare.com/ajax/libs/gsap/3.8.0/gsap.min.js]
[www.trafficgods.app/en.html]
[cdnjs.cloudflare.com/ajax/libs/gsap/3.8.0/ScrollTrigger.min.js]
[d3e54v103j8qbb.cloudfront.net/img/background-image.svg]
[cdn.prod.website-files.com/6672eea20b83db54dbed8fbc/66790630c860df4b08a47137_noise-texture.png]
[cdn.prod.website-files.com/6672eea20b83db54dbed8fbc/css/traffic-gods.webflow.f67456f01.css]
[www.trafficgods.app/_https_/cdn.prod.website-files.com/6672eea20b83db54dbed8fbc/6672fb17d4473e817abd201d_hero-video-poster-00001.html]
[www.trafficgods.app/ru.html]
[www.trafficgods.app/index.html]
[player.vimeo.com/api/player.html]
[d3e54v103j8qbb.cloudfront.net/static/custom-checkbox-checkmark.589d534424.svg]
[d3e54v103j8qbb.cloudfront.net/img/background-image.svg]
